// Jest Snapshot v1, https://goo.gl/fbAQLP

exports[`snapshot test 1`] = `
<div
  className="Movie-view"
>
  <h1>
    No movie found, try another name
  </h1>
</div>
`;
